
> phantom-tabs@1.0.0 build
> webpack --mode production

assets by status 3.81 KiB [1m[32m[cached][39m[22m 8 assets
[1m./extension/src/background/service-worker.ts[39m[22m 39 bytes [1m[33m[built][39m[22m [1m[33m[code generated][39m[22m
[1m./extension/src/popup/index.tsx[39m[22m 39 bytes [1m[33m[built][39m[22m [1m[33m[code generated][39m[22m
[1m./extension/src/sidepanel/index.tsx[39m[22m 39 bytes [1m[33m[built][39m[22m [1m[33m[code generated][39m[22m
[1m./extension/src/options/index.tsx[39m[22m 39 bytes [1m[33m[built][39m[22m [1m[33m[code generated][39m[22m

[1m[31mERROR[39m[22m in [1m./extension/src/background/service-worker.ts[39m[22m
[1mModule build [1m[31mfailed[39m[22m[1m (from ./node_modules/ts-loader/index.js):
[1m[31mError[39m[22m[1m: TypeScript emitted no output for C:\dev\tabeater\tabeater\extension\src\background\service-worker.ts.
    at makeSourceMapAndFinish (C:\dev\tabeater\tabeater\node_modules\ts-loader\dist\index.js:55:18)
    at successLoader (C:\dev\tabeater\tabeater\node_modules\ts-loader\dist\index.js:42:5)
    at Object.loader (C:\dev\tabeater\tabeater\node_modules\ts-loader\dist\index.js:23:5)[39m[22m

[1m[31mERROR[39m[22m in [1m./extension/src/options/index.tsx[39m[22m
[1mModule build [1m[31mfailed[39m[22m[1m (from ./node_modules/ts-loader/index.js):
[1m[31mError[39m[22m[1m: TypeScript emitted no output for C:\dev\tabeater\tabeater\extension\src\options\index.tsx.
    at makeSourceMapAndFinish (C:\dev\tabeater\tabeater\node_modules\ts-loader\dist\index.js:55:18)
    at successLoader (C:\dev\tabeater\tabeater\node_modules\ts-loader\dist\index.js:42:5)
    at Object.loader (C:\dev\tabeater\tabeater\node_modules\ts-loader\dist\index.js:23:5)[39m[22m

[1m[31mERROR[39m[22m in [1m./extension/src/popup/index.tsx[39m[22m
[1mModule build [1m[31mfailed[39m[22m[1m (from ./node_modules/ts-loader/index.js):
[1m[31mError[39m[22m[1m: TypeScript emitted no output for C:\dev\tabeater\tabeater\extension\src\popup\index.tsx.
    at makeSourceMapAndFinish (C:\dev\tabeater\tabeater\node_modules\ts-loader\dist\index.js:55:18)
    at successLoader (C:\dev\tabeater\tabeater\node_modules\ts-loader\dist\index.js:42:5)
    at Object.loader (C:\dev\tabeater\tabeater\node_modules\ts-loader\dist\index.js:23:5)[39m[22m

[1m[31mERROR[39m[22m in [1m./extension/src/sidepanel/index.tsx[39m[22m
[1mModule build [1m[31mfailed[39m[22m[1m (from ./node_modules/ts-loader/index.js):
[1m[31mError[39m[22m[1m: TypeScript emitted no output for C:\dev\tabeater\tabeater\extension\src\sidepanel\index.tsx.
    at makeSourceMapAndFinish (C:\dev\tabeater\tabeater\node_modules\ts-loader\dist\index.js:55:18)
    at successLoader (C:\dev\tabeater\tabeater\node_modules\ts-loader\dist\index.js:42:5)
    at Object.loader (C:\dev\tabeater\tabeater\node_modules\ts-loader\dist\index.js:23:5)[39m[22m

webpack 5.103.0 compiled with [1m[31m4 errors[39m[22m in 1117 ms
